
> temp_app@0.1.0 build
> next build

Ôû▓ Next.js 16.1.6 (Turbopack)
- Environments: .env

  Creating an optimized production build ...
node.exe : 
No linha:1 caractere:1
+ & "C:\Program 
Files\nodejs/node.exe" 
"C:\Program 
Files\nodejs/node_mo 
...
+ ~~~~~~~~~~~~~~~~~~~~~
~~~~~~~~~~~~~~~~~~~~~~~
~~~~~~~~~~~~~~~~~~~~~~~
~~
    + CategoryInfo     
         : NotSpecifi  
  ed: (:String) [],    
 RemoteException
    + FullyQualifiedEr 
   rorId : NativeComm  
  andError
 
> Build error occurred
Error: Turbopack build 
failed with 6 errors:
./src/app/api/admin/log
in/route.ts:2:1
Module not found: 
Can't resolve 
'@prisma/client'
[0m [90m 1 |[39m 
[36mimport[39m { 
[33mNextResponse[39m 
} [36mfrom[39m 
[32m"next/server"[39m
[31m[1m>[22m[39m[9
0m 2 |[39m 
[36mimport[39m { 
[33mPrismaClient[39m 
} [36mfrom[39m [32m"
@prisma/client"[39m
 [90m   |[39m [31m[
1m^[22m[39m[31m[1m^
[22m[39m[31m[1m^[2
2m[39m[31m[1m^[22m
[39m[31m[1m^[22m[39
m[31m[1m^[22m[39m[
31m[1m^[22m[39m[31m
[1m^[22m[39m[31m[1
m^[22m[39m[31m[1m^
[22m[39m[31m[1m^[22
m[39m[31m[1m^[22m[
39m[31m[1m^[22m[39m
[31m[1m^[22m[39m[3
1m[1m^[22m[39m[31m
[1m^[22m[39m[31m[1m
^[22m[39m[31m[1m^[
22m[39m[31m[1m^[22m
[39m[31m[1m^[22m[3
9m[31m[1m^[22m[39m
[31m[1m^[22m[39m[31
m[1m^[22m[39m[31m[
1m^[22m[39m[31m[1m^
[22m[39m[31m[1m^[2
2m[39m[31m[1m^[22m
[39m[31m[1m^[22m[39
m[31m[1m^[22m[39m[
31m[1m^[22m[39m[31m
[1m^[22m[39m[31m[1
m^[22m[39m[31m[1m^
[22m[39m[31m[1m^[22
m[39m[31m[1m^[22m[
39m[31m[1m^[22m[39m
[31m[1m^[22m[39m[3
1m[1m^[22m[39m[31m
[1m^[22m[39m[31m[1m
^[22m[39m[31m[1m^[
22m[39m[31m[1m^[22m
[39m[31m[1m^[22m[3
9m[31m[1m^[22m[39m
[31m[1m^[22m[39m
 [90m 3 |[39m 
[36mimport[39m 
bcrypt [36mfrom[39m 
[32m"bcryptjs"[39m
 [90m 4 |[39m 
[36mimport[39m { 
signToken } 
[36mfrom[39m 
[32m"@/lib/auth"[39m
 [90m 5 |[39m 
[36mimport[39m { 
cookies } 
[36mfrom[39m [32m"ne
xt/headers"[39m[0m



https://nextjs.org/docs
/messages/module-not-fo
und


./src/app/api/admin/rep
orts/[id]/messages/rout
e.ts:2:1
Module not found: 
Can't resolve 
'@prisma/client'
[0m [90m 1 |[39m 
[36mimport[39m { 
[33mNextResponse[39m 
} [36mfrom[39m 
[32m"next/server"[39m
[31m[1m>[22m[39m[9
0m 2 |[39m 
[36mimport[39m { 
[33mPrismaClient[39m 
} [36mfrom[39m [32m"
@prisma/client"[39m
 [90m   |[39m [31m[
1m^[22m[39m[31m[1m^
[22m[39m[31m[1m^[2
2m[39m[31m[1m^[22m
[39m[31m[1m^[22m[39
m[31m[1m^[22m[39m[
31m[1m^[22m[39m[31m
[1m^[22m[39m[31m[1
m^[22m[39m[31m[1m^
[22m[39m[31m[1m^[22
m[39m[31m[1m^[22m[
39m[31m[1m^[22m[39m
[31m[1m^[22m[39m[3
1m[1m^[22m[39m[31m
[1m^[22m[39m[31m[1m
^[22m[39m[31m[1m^[
22m[39m[31m[1m^[22m
[39m[31m[1m^[22m[3
9m[31m[1m^[22m[39m
[31m[1m^[22m[39m[31
m[1m^[22m[39m[31m[
1m^[22m[39m[31m[1m^
[22m[39m[31m[1m^[2
2m[39m[31m[1m^[22m
[39m[31m[1m^[22m[39
m[31m[1m^[22m[39m[
31m[1m^[22m[39m[31m
[1m^[22m[39m[31m[1
m^[22m[39m[31m[1m^
[22m[39m[31m[1m^[22
m[39m[31m[1m^[22m[
39m[31m[1m^[22m[39m
[31m[1m^[22m[39m[3
1m[1m^[22m[39m[31m
[1m^[22m[39m[31m[1m
^[22m[39m[31m[1m^[
22m[39m[31m[1m^[22m
[39m[31m[1m^[22m[3
9m[31m[1m^[22m[39m
[31m[1m^[22m[39m
 [90m 3 |[39m 
[36mimport[39m { 
getSession } 
[36mfrom[39m 
[32m"@/lib/auth"[39m
 [90m 4 |[39m
 [90m 5 |[39m 
[36mconst[39m prisma 
[33m=[39m 
[36mnew[39m [33mPris
maClient[39m()[0m



https://nextjs.org/docs
/messages/module-not-fo
und


./src/app/api/admin/rep
orts/[id]/route.ts:2:1
Module not found: 
Can't resolve 
'@prisma/client'
[0m [90m 1 |[39m 
[36mimport[39m { 
[33mNextResponse[39m 
} [36mfrom[39m 
[32m"next/server"[39m
[31m[1m>[22m[39m[9
0m 2 |[39m 
[36mimport[39m { 
[33mPrismaClient[39m 
} [36mfrom[39m [32m"
@prisma/client"[39m
 [90m   |[39m [31m[
1m^[22m[39m[31m[1m^
[22m[39m[31m[1m^[2
2m[39m[31m[1m^[22m
[39m[31m[1m^[22m[39
m[31m[1m^[22m[39m[
31m[1m^[22m[39m[31m
[1m^[22m[39m[31m[1
m^[22m[39m[31m[1m^
[22m[39m[31m[1m^[22
m[39m[31m[1m^[22m[
39m[31m[1m^[22m[39m
[31m[1m^[22m[39m[3
1m[1m^[22m[39m[31m
[1m^[22m[39m[31m[1m
^[22m[39m[31m[1m^[
22m[39m[31m[1m^[22m
[39m[31m[1m^[22m[3
9m[31m[1m^[22m[39m
[31m[1m^[22m[39m[31
m[1m^[22m[39m[31m[
1m^[22m[39m[31m[1m^
[22m[39m[31m[1m^[2
2m[39m[31m[1m^[22m
[39m[31m[1m^[22m[39
m[31m[1m^[22m[39m[
31m[1m^[22m[39m[31m
[1m^[22m[39m[31m[1
m^[22m[39m[31m[1m^
[22m[39m[31m[1m^[22
m[39m[31m[1m^[22m[
39m[31m[1m^[22m[39m
[31m[1m^[22m[39m[3
1m[1m^[22m[39m[31m
[1m^[22m[39m[31m[1m
^[22m[39m[31m[1m^[
22m[39m[31m[1m^[22m
[39m[31m[1m^[22m[3
9m[31m[1m^[22m[39m
[31m[1m^[22m[39m
 [90m 3 |[39m 
[36mimport[39m { 
getSession } 
[36mfrom[39m 
[32m"@/lib/auth"[39m
 [90m 4 |[39m
 [90m 5 |[39m 
[36mconst[39m prisma 
[33m=[39m 
[36mnew[39m [33mPris
maClient[39m()[0m



https://nextjs.org/docs
/messages/module-not-fo
und


./src/app/api/admin/rep
orts/route.ts:2:1
Module not found: 
Can't resolve 
'@prisma/client'
[0m [90m 1 |[39m 
[36mimport[39m { 
[33mNextResponse[39m 
} [36mfrom[39m 
[32m"next/server"[39m
[31m[1m>[22m[39m[9
0m 2 |[39m 
[36mimport[39m { 
[33mPrismaClient[39m 
} [36mfrom[39m [32m"
@prisma/client"[39m
 [90m   |[39m [31m[
1m^[22m[39m[31m[1m^
[22m[39m[31m[1m^[2
2m[39m[31m[1m^[22m
[39m[31m[1m^[22m[39
m[31m[1m^[22m[39m[
31m[1m^[22m[39m[31m
[1m^[22m[39m[31m[1
m^[22m[39m[31m[1m^
[22m[39m[31m[1m^[22
m[39m[31m[1m^[22m[
39m[31m[1m^[22m[39m
[31m[1m^[22m[39m[3
1m[1m^[22m[39m[31m
[1m^[22m[39m[31m[1m
^[22m[39m[31m[1m^[
22m[39m[31m[1m^[22m
[39m[31m[1m^[22m[3
9m[31m[1m^[22m[39m
[31m[1m^[22m[39m[31
m[1m^[22m[39m[31m[
1m^[22m[39m[31m[1m^
[22m[39m[31m[1m^[2
2m[39m[31m[1m^[22m
[39m[31m[1m^[22m[39
m[31m[1m^[22m[39m[
31m[1m^[22m[39m[31m
[1m^[22m[39m[31m[1
m^[22m[39m[31m[1m^
[22m[39m[31m[1m^[22
m[39m[31m[1m^[22m[
39m[31m[1m^[22m[39m
[31m[1m^[22m[39m[3
1m[1m^[22m[39m[31m
[1m^[22m[39m[31m[1m
^[22m[39m[31m[1m^[
22m[39m[31m[1m^[22m
[39m[31m[1m^[22m[3
9m[31m[1m^[22m[39m
[31m[1m^[22m[39m
 [90m 3 |[39m 
[36mimport[39m { 
getSession } 
[36mfrom[39m 
[32m"@/lib/auth"[39m
 [90m 4 |[39m
 [90m 5 |[39m 
[36mconst[39m prisma 
[33m=[39m 
[36mnew[39m [33mPris
maClient[39m()[0m



https://nextjs.org/docs
/messages/module-not-fo
und


./src/app/api/reports/[
protocol]/route.ts:2:1
Module not found: 
Can't resolve 
'@prisma/client'
[0m [90m 1 |[39m 
[36mimport[39m { 
[33mNextResponse[39m 
} [36mfrom[39m 
[32m"next/server"[39m
[31m[1m>[22m[39m[9
0m 2 |[39m 
[36mimport[39m { 
[33mPrismaClient[39m 
} [36mfrom[39m [32m"
@prisma/client"[39m
 [90m   |[39m [31m[
1m^[22m[39m[31m[1m^
[22m[39m[31m[1m^[2
2m[39m[31m[1m^[22m
[39m[31m[1m^[22m[39
m[31m[1m^[22m[39m[
31m[1m^[22m[39m[31m
[1m^[22m[39m[31m[1
m^[22m[39m[31m[1m^
[22m[39m[31m[1m^[22
m[39m[31m[1m^[22m[
39m[31m[1m^[22m[39m
[31m[1m^[22m[39m[3
1m[1m^[22m[39m[31m
[1m^[22m[39m[31m[1m
^[22m[39m[31m[1m^[
22m[39m[31m[1m^[22m
[39m[31m[1m^[22m[3
9m[31m[1m^[22m[39m
[31m[1m^[22m[39m[31
m[1m^[22m[39m[31m[
1m^[22m[39m[31m[1m^
[22m[39m[31m[1m^[2
2m[39m[31m[1m^[22m
[39m[31m[1m^[22m[39
m[31m[1m^[22m[39m[
31m[1m^[22m[39m[31m
[1m^[22m[39m[31m[1
m^[22m[39m[31m[1m^
[22m[39m[31m[1m^[22
m[39m[31m[1m^[22m[
39m[31m[1m^[22m[39m
[31m[1m^[22m[39m[3
1m[1m^[22m[39m[31m
[1m^[22m[39m[31m[1m
^[22m[39m[31m[1m^[
22m[39m[31m[1m^[22m
[39m[31m[1m^[22m[3
9m[31m[1m^[22m[39m
[31m[1m^[22m[39m
 [90m 3 |[39m 
[36mimport[39m 
bcrypt [36mfrom[39m 
[32m"bcryptjs"[39m
 [90m 4 |[39m
 [90m 5 |[39m 
[36mconst[39m prisma 
[33m=[39m 
[36mnew[39m [33mPris
maClient[39m()[0m



https://nextjs.org/docs
/messages/module-not-fo
und


./src/app/api/reports/r
oute.ts:2:1
Module not found: 
Can't resolve 
'@prisma/client'
[0m [90m 1 |[39m 
[36mimport[39m { 
[33mNextResponse[39m 
} [36mfrom[39m 
[32m"next/server"[39m
[31m[1m>[22m[39m[9
0m 2 |[39m 
[36mimport[39m { 
[33mPrismaClient[39m 
} [36mfrom[39m [32m"
@prisma/client"[39m
 [90m   |[39m [31m[
1m^[22m[39m[31m[1m^
[22m[39m[31m[1m^[2
2m[39m[31m[1m^[22m
[39m[31m[1m^[22m[39
m[31m[1m^[22m[39m[
31m[1m^[22m[39m[31m
[1m^[22m[39m[31m[1
m^[22m[39m[31m[1m^
[22m[39m[31m[1m^[22
m[39m[31m[1m^[22m[
39m[31m[1m^[22m[39m
[31m[1m^[22m[39m[3
1m[1m^[22m[39m[31m
[1m^[22m[39m[31m[1m
^[22m[39m[31m[1m^[
22m[39m[31m[1m^[22m
[39m[31m[1m^[22m[3
9m[31m[1m^[22m[39m
[31m[1m^[22m[39m[31
m[1m^[22m[39m[31m[
1m^[22m[39m[31m[1m^
[22m[39m[31m[1m^[2
2m[39m[31m[1m^[22m
[39m[31m[1m^[22m[39
m[31m[1m^[22m[39m[
31m[1m^[22m[39m[31m
[1m^[22m[39m[31m[1
m^[22m[39m[31m[1m^
[22m[39m[31m[1m^[22
m[39m[31m[1m^[22m[
39m[31m[1m^[22m[39m
[31m[1m^[22m[39m[3
1m[1m^[22m[39m[31m
[1m^[22m[39m[31m[1m
^[22m[39m[31m[1m^[
22m[39m[31m[1m^[22m
[39m[31m[1m^[22m[3
9m[31m[1m^[22m[39m
[31m[1m^[22m[39m
 [90m 3 |[39m 
[36mimport[39m 
bcrypt [36mfrom[39m 
[32m"bcryptjs"[39m
 [90m 4 |[39m 
[36mimport[39m 
crypto [36mfrom[39m 
[32m"crypto"[39m
 [90m 5 |[39m[0m



https://nextjs.org/docs
/messages/module-not-fo
und


    at <unknown> (./src
/app/api/admin/login/ro
ute.ts:2:1)
    at <unknown> (https
://nextjs.org/docs/mess
ages/module-not-found)
    at <unknown> (./src
/app/api/admin/reports/
[id]/messages/route.ts:
2:1)
    at <unknown> (https
://nextjs.org/docs/mess
ages/module-not-found)
    at <unknown> (./src
/app/api/admin/reports/
[id]/route.ts:2:1)
    at <unknown> (https
://nextjs.org/docs/mess
ages/module-not-found)
    at <unknown> (./src
/app/api/admin/reports/
route.ts:2:1)
    at <unknown> (https
://nextjs.org/docs/mess
ages/module-not-found)
    at <unknown> (./src
/app/api/reports/[proto
col]/route.ts:2:1)
    at <unknown> (https
://nextjs.org/docs/mess
ages/module-not-found)
    at <unknown> (./src
/app/api/reports/route.
ts:2:1)
    at <unknown> (https
://nextjs.org/docs/mess
ages/module-not-found)
